node.exe : ÔÇó turbo 2.7.2
At C:\Users\GSB\AppData\Roaming\npm\pnpm.ps1:24 char:5
+     & "node$exe"  "$basedir/node_modules/pnpm/bin/pnpm.cjs" $args
+     ~~~~~~~~~~~~~~~~~~~~~~~~~~~~~~~~~~~~~~~~~~~~~~~~~~~~~~~~~~~~~
    + CategoryInfo          : NotSpecified: (ÔÇó turbo 2.7.2:String) [], RemoteException
    + FullyQualifiedErrorId : NativeCommandError
 
ÔÇó Packages in scope: @repo/aws, @repo/config, @repo/database, @repo/eslint-config, @repo/mail, @repo/shiprocket, @repo/typescript-config, @repo/ui, admin, vyan-client, vyan-doctor
ÔÇó Running build in 11 packages
ÔÇó Remote caching disabled
admin:build: cache bypass, force executing 3043df04c4a2bd6b
vyan-client:build: cache bypass, force executing 96c33e7718c90977
vyan-doctor:build: cache bypass, force executing b913d9b082174306
admin:build: 
admin:build: > admin@0.0.1 build C:\Users\GSB\Desktop\Shewell\apps\admin
admin:build: > next build
admin:build: 
vyan-client:build: 
vyan-client:build: > vyan-client@0.1.0 build C:\Users\GSB\Desktop\Shewell\apps\vyan-client
vyan-client:build: > next build
vyan-client:build: 
vyan-doctor:build: 
vyan-doctor:build: > vyan-doctor@0.1.0 build C:\Users\GSB\Desktop\Shewell\apps\vyan-doctor
vyan-doctor:build: > next build
vyan-doctor:build: 
admin:build:   Ôû▓ Next.js 14.2.35
admin:build:   - Environments: .env
admin:build: 
vyan-client:build:   Ôû▓ Next.js 14.2.35
vyan-client:build:   - Environments: .env
vyan-client:build: 
admin:build:    Creating an optimized production build ...
vyan-doctor:build:   Ôû▓ Next.js 14.2.35
vyan-doctor:build:   - Environments: .env
vyan-doctor:build: 
vyan-doctor:build:    Creating an optimized production build ...
vyan-client:build:    Creating an optimized production build ...
admin:build:  Ô£ô Compiled successfully
admin:build:    Linting and checking validity of types ...
admin:build:    Collecting page data ...
admin:build:    Generating static pages (0/36) ...
admin:build: blogs are []
admin:build: blogs are []
admin:build: testimonials []
admin:build: orders are finallyyy []
admin:build:    Generating static pages (9/36) 
admin:build: testimonials []
admin:build:    Generating static pages (18/36) 
admin:build: specialization parent categories at specialization server []
admin:build: specialization parent categories at specialization server []
admin:build: specialization parent categories at specialization table []
vyan-client:build:  Ô£ô Compiled successfully
vyan-client:build:    Skipping validation of types
vyan-client:build:    Skipping linting
admin:build:    Generating static pages (27/36) 
admin:build: parentCategories are []
admin:build: parentCategories are []
vyan-client:build:    Collecting page data ...
admin:build:  Ô£ô Generating static pages (36/36)
vyan-doctor:build:  Ô£ô Compiled successfully
vyan-doctor:build:    Skipping validation of types
vyan-doctor:build:    Skipping linting
vyan-client:build:    Generating static pages (0/26) ...
vyan-client:build:    Generating static pages (6/26) 
vyan-doctor:build:    Collecting page data ...
admin:build:    Finalizing page optimization ...
admin:build:    Collecting build traces ...
vyan-doctor:build:    Generating static pages (0/23) ...
vyan-client:build:    Generating static pages (12/26) 
vyan-client:build: blogCategories []
vyan-client:build: blogCategories []
vyan-client:build:    Generating static pages (19/26) 
vyan-doctor:build:    Generating static pages (5/23) 
vyan-client:build:  Ô£ô Generating static pages (26/26)
vyan-doctor:build: blogCategories []
vyan-doctor:build: blogs 0
vyan-doctor:build: blogCategories []
vyan-doctor:build: blogs 0
vyan-doctor:build:    Generating static pages (11/23) 
vyan-doctor:build:    Generating static pages (17/23) 
vyan-doctor:build:  Ô£ô Generating static pages (23/23)
vyan-client:build:    Finalizing page optimization ...
vyan-client:build:    Collecting build traces ...
vyan-doctor:build:    Finalizing page optimization ...
vyan-doctor:build:    Collecting build traces ...
admin:build: 
admin:build: Route (app)                                                          Size     First Load JS
admin:build: Ôöî Ôùï /                                                                8.01 kB         262 kB
admin:build: Ôö£ Ôùï /_not-found                                                      874 B          88.3 kB
admin:build: Ôö£ ãÆ /api/auth/[...nextauth]                                          0 B                0 B
admin:build: Ôö£ ãÆ /api/trpc/[trpc]                                                 0 B                0 B
admin:build: Ôö£ ãÆ /auth/access                                                     897 B           122 kB
admin:build: Ôö£ ãÆ /auth/error                                                      892 B           122 kB
admin:build: Ôö£ ãÆ /auth/forget-password                                            4.71 kB         160 kB
admin:build: Ôö£ ãÆ /auth/login                                                      3.29 kB         165 kB
admin:build: Ôö£ ãÆ /auth/reset-password                                             4.78 kB         169 kB
admin:build: Ôö£ Ôùï /manage-blogs/blog-categories                                    6.52 kB         238 kB
admin:build: Ôö£ Ôùï /manage-blogs/blogs                                              4.02 kB         272 kB
admin:build: Ôö£ Ôùï /manage-blogs/homepage-banners                                   6.46 kB         281 kB
admin:build: Ôö£ Ôùï /manage-blogs/testimonials                                       7.08 kB         245 kB
admin:build: Ôö£ Ôùï /manage-locations/countries                                      4.63 kB         230 kB
admin:build: Ôö£ Ôùï /manage-locations/pincodes                                       1.43 kB         112 kB
admin:build: Ôö£ ãÆ /manage-locations/states                                         1.43 kB         112 kB
admin:build: Ôö£ Ôùï /manage-products/categories                                      8.49 kB         259 kB
admin:build: Ôö£ ãÆ /manage-products/coupons                                         15.6 kB         258 kB
admin:build: Ôö£ ãÆ /manage-products/inventory                                       6.77 kB         239 kB
admin:build: Ôö£ Ôùï /manage-products/media                                           4.99 kB         255 kB
admin:build: Ôö£ Ôùï /manage-products/orders                                          4.59 kB         253 kB
admin:build: Ôö£ Ôùï /manage-products/products                                        29.9 kB         319 kB
admin:build: Ôö£ Ôùï /manage-session-categories/session-categories                    4.27 kB         247 kB
admin:build: Ôö£ Ôùï /manage-sessions/registrations                                   3.12 kB         224 kB
admin:build: Ôö£ Ôùï /manage-sessions/sessions                                        7.82 kB         280 kB
admin:build: Ôö£ Ôùï /manage-specialization-languages/languages                       6.3 kB          231 kB
admin:build: Ôö£ Ôùï /manage-specialization-languages/specialization-parent-category  6.21 kB         256 kB
admin:build: Ôö£ Ôùï /manage-specialization-languages/specializations                 6.44 kB         231 kB
admin:build: Ôö£ Ôùï /manage-testimonials/testimonials                                7.59 kB         258 kB
admin:build: Ôö£ Ôùï /manage-users/admin-users                                        6.64 kB         240 kB
admin:build: Ôö£ Ôùï /manage-users/users                                              6.67 kB         240 kB
admin:build: Ôö£ ãÆ /pages/notfound                                                  178 B          96.3 kB
admin:build: Ôö£ Ôùï /view-doctors                                                    142 B          87.6 kB
admin:build: Ôö£ Ôùï /view-doctors/appointments                                       1.42 kB         240 kB
admin:build: Ôöö Ôùï /view-doctors/doctors                                            15.1 kB         244 kB
admin:build: + First Load JS shared by all                                        87.4 kB
admin:build:   Ôö£ chunks/8790-7dd6fd302bdaf1bf.js                                  31.7 kB
admin:build:   Ôö£ chunks/993558c5-6a6cff523214f8df.js                              53.6 kB
admin:build:   Ôöö other shared chunks (total)                                      2.06 kB
admin:build: 
admin:build: 
admin:build: ãÆ Middleware                                                         49.4 kB
admin:build: 
admin:build: Ôùï  (Static)   prerendered as static content
admin:build: ãÆ  (Dynamic)  server-rendered on demand
admin:build: 
vyan-client:build: 
vyan-client:build: Route (app)                              Size     First Load JS
vyan-client:build: Ôöî ãÆ /                                    9.72 kB         150 kB
vyan-client:build: Ôö£ ãÆ /_not-found                          880 B          88.4 kB
vyan-client:build: Ôö£ ãÆ /api/auth/[...nextauth]              0 B                0 B
vyan-client:build: Ôö£ ãÆ /api/trpc/[trpc]                     0 B                0 B
vyan-client:build: Ôö£ ãÆ /api/webhook/razorpay                0 B                0 B
vyan-client:build: Ôö£ ãÆ /auth/forgot-password                3.73 kB         118 kB
vyan-client:build: Ôö£ ãÆ /auth/login                          6.99 kB         144 kB
vyan-client:build: Ôö£ ãÆ /auth/register                       7.21 kB         147 kB
vyan-client:build: Ôö£ ãÆ /auth/register-otp                   9.44 kB         146 kB
vyan-client:build: Ôö£ ãÆ /auth/reset-password                 5.23 kB         132 kB
vyan-client:build: Ôö£ ãÆ /blogs                               223 B           113 kB
vyan-client:build: Ôö£ ãÆ /blogs-category/[slug]               999 B           113 kB
vyan-client:build: Ôö£ ãÆ /blogs/[slug]                        676 B           102 kB
vyan-client:build: Ôö£ ãÆ /cart                                6.45 kB         176 kB
vyan-client:build: Ôö£ ãÆ /checkout                            3.73 kB         200 kB
vyan-client:build: Ôö£ ãÆ /counselling                         31.7 kB         280 kB
vyan-client:build: Ôö£ ãÆ /counselling/[username]              7.97 kB         227 kB
vyan-client:build: Ôö£ ãÆ /doctor-profile/[userName]           7.93 kB         227 kB
vyan-client:build: Ôö£ ãÆ /privacy-policy                      155 B          87.7 kB
vyan-client:build: Ôö£ ãÆ /products                            7.67 kB         184 kB
vyan-client:build: Ôö£ ãÆ /products/[slug]                     32.7 kB         224 kB
vyan-client:build: Ôö£ ãÆ /profile/appointments                13.1 kB         261 kB
vyan-client:build: Ôö£ ãÆ /profile/edit-profile                13.4 kB         156 kB
vyan-client:build: Ôö£ ãÆ /profile/manage-address              3.05 kB         164 kB
vyan-client:build: Ôö£ ãÆ /profile/notification                155 B          87.7 kB
vyan-client:build: Ôö£ ãÆ /profile/orders                      10.9 kB         189 kB
vyan-client:build: Ôö£ ãÆ /profile/orders/[orderId]            7.79 kB         266 kB
vyan-client:build: Ôö£ ãÆ /profile/orders/[orderId]/invoice    1.66 kB         238 kB
vyan-client:build: Ôö£ ãÆ /return-policy                       155 B          87.7 kB
vyan-client:build: Ôö£ ãÆ /session                             9.27 kB         134 kB
vyan-client:build: Ôö£ ãÆ /session/[slug]                      5.04 kB        99.7 kB
vyan-client:build: Ôö£ ãÆ /shefit                              4.97 kB         138 kB
vyan-client:build: Ôö£ ãÆ /terms                               155 B          87.7 kB
vyan-client:build: Ôöö ãÆ /wishlist                            4.52 kB         129 kB
vyan-client:build: + First Load JS shared by all            87.6 kB
vyan-client:build:   Ôö£ chunks/6098-4a3fb91910ca54d5.js      31.9 kB
vyan-client:build:   Ôö£ chunks/bc79b8a1-950564754b6e6d2e.js  53.6 kB
vyan-client:build:   Ôöö other shared chunks (total)          2.01 kB
vyan-client:build: 
vyan-client:build: 
vyan-client:build: ãÆ  (Dynamic)  server-rendered on demand
vyan-client:build: 
vyan-doctor:build: 
vyan-doctor:build: Route (app)                              Size     First Load JS
vyan-doctor:build: Ôöî ãÆ /                                    7.91 kB         188 kB
vyan-doctor:build: Ôö£ ãÆ /_not-found                          880 B          88.5 kB
vyan-doctor:build: Ôö£ ãÆ /api/auth/[...nextauth]              0 B                0 B
vyan-doctor:build: Ôö£ Ôùï /api/google-meet-auth                0 B                0 B
vyan-doctor:build: Ôö£ ãÆ /api/google-meet-auth/callback       0 B                0 B
vyan-doctor:build: Ôö£ ãÆ /api/trpc/[trpc]                     0 B                0 B
vyan-doctor:build: Ôö£ ãÆ /appointment                         92.2 kB         338 kB
vyan-doctor:build: Ôö£ ãÆ /auth/login                          5.82 kB         144 kB
vyan-doctor:build: Ôö£ ãÆ /auth/register/modes                 4.99 kB         171 kB
vyan-doctor:build: Ôö£ ãÆ /auth/register/personal-information  11.8 kB         197 kB
vyan-doctor:build: Ôö£ ãÆ /auth/register/qualifications        5.96 kB         178 kB
vyan-doctor:build: Ôö£ ãÆ /auth/register/uploads               9.89 kB         173 kB
vyan-doctor:build: Ôö£ ãÆ /blogs                               2.66 kB         112 kB
vyan-doctor:build: Ôö£ ãÆ /blogs-category/[slug]               2.66 kB         112 kB
vyan-doctor:build: Ôö£ ãÆ /blogs/[slug]                        637 B           102 kB
vyan-doctor:build: Ôö£ ãÆ /dashboard                           136 kB          329 kB
vyan-doctor:build: Ôö£ ãÆ /doctor-profile                      3.42 kB         232 kB
vyan-doctor:build: Ôö£ ãÆ /doctor-profile/[username]           1.47 kB         230 kB
vyan-doctor:build: Ôö£ ãÆ /edit-profile                        152 B          87.8 kB
vyan-doctor:build: Ôö£ ãÆ /edit-profile/personal-info          5.48 kB         153 kB
vyan-doctor:build: Ôö£ ãÆ /edit-profile/prices                 6.71 kB         154 kB
vyan-doctor:build: Ôö£ ãÆ /edit-profile/qualification          6.45 kB         154 kB
vyan-doctor:build: Ôö£ ãÆ /edit-profile/specialization         3.52 kB         129 kB
vyan-doctor:build: Ôö£ ãÆ /privacy-policy                      152 B          87.8 kB
vyan-doctor:build: Ôö£ ãÆ /terms                               152 B          87.8 kB
vyan-doctor:build: Ôöö ãÆ /time-picker                         785 B           135 kB
vyan-doctor:build: + First Load JS shared by all            87.6 kB
vyan-doctor:build:   Ôö£ chunks/6098-fdb21712cb031d8c.js      31.9 kB
vyan-doctor:build:   Ôö£ chunks/bc79b8a1-5c8ca6432947ebb7.js  53.6 kB
vyan-doctor:build:   Ôöö other shared chunks (total)          2.06 kB
vyan-doctor:build: 
vyan-doctor:build: 
vyan-doctor:build: ãÆ Middleware                             49.4 kB
vyan-doctor:build: 
vyan-doctor:build: Ôùï  (Static)   prerendered as static content
vyan-doctor:build: ãÆ  (Dynamic)  server-rendered on demand
vyan-doctor:build: 

 Tasks:    3 successful, 3 total
Cached:    0 cached, 3 total
  Time:    31.032s 

